// Jest Snapshot v1, https://goo.gl/fbAQLP

exports[`<EmailSenders/> spec renders the component with SMTP config type 1`] = `
<div
  class="euiText euiText--small"
>
  <h1>
    Email senders
  </h1>
</div>
`;

exports[`<EmailSenders/> spec renders the component without SMTP config type 1`] = `
<div
  class="euiText euiText--small"
>
  <h1>
    Email senders
  </h1>
</div>
`;
